Archive member included to satisfy reference by file (symbol)

include_lib/libs/f95_cpu_lib.a(burn.o)
                              obj/Release/otp/src/start/startup.o (burn_func)
include_lib/libs/f95_cpu_lib.a(pre_operation.o)
                              obj/Release/otp/src/start/startup.o (pro_operation)

Memory Configuration

Name             Origin             Length             Attributes
otp_code         0x00000000         0x000017c0         xr
otp_burn         0x000017c0         0x00000040         xr
otp_deg          0x00001800         0x00000800         xr
ram              0x00000004         0x00000040         rw
ram1             0x00000004         0x00000020         rw
*default*        0x00000000         0xffffffff

Linker script and memory map

LOAD obj/Release/otp/src/app/user_detect.o
LOAD obj/Release/otp/src/cpu/f956/adc.o
LOAD obj/Release/otp/src/cpu/f956/clock.o
LOAD obj/Release/otp/src/cpu/f956/cpu.o
LOAD obj/Release/otp/src/cpu/f956/pwm.o
LOAD obj/Release/otp/src/cpu/f956/timer.o
LOAD obj/Release/otp/src/cpu/f956/uart.o
LOAD obj/Release/otp/src/key/msg.o
LOAD obj/Release/otp/src/math/data_compare.o
LOAD obj/Release/otp/src/math/div_32x16.o
LOAD obj/Release/otp/src/math/mult_16x16.o
LOAD obj/Release/otp/src/start/main.o
LOAD obj/Release/otp/src/start/startup.o
LOAD obj/Release/otp/src/start/user_led.o
START GROUP
LOAD include_lib/libs/f95_cpu_lib.a
END GROUP
                0x00000000                . = ORIGIN (otp_code)

.otp_code       0x00000000     0x17c0
 *startup.o(.text)
 .text          0x00000000       0x74 obj/Release/otp/src/start/startup.o
                0x00000000                _start
                0x00000006                _int_0
                0x0000000e                _int_1
                0x00000016                _int_2
                0x0000001e                _int_3
                0x00000026                _int_4
                0x0000002e                _int_5
                0x00000036                _int_6
                0x0000003e                _int_7
                0x00000046                _int_8
                0x0000004e                _int_9
                0x00000056                _startup
 *(.text)
 .text          0x00000074      0x39c obj/Release/otp/src/app/user_detect.o
                0x00000074                V_mode_detect_io_init
                0x0000007e                vlotage_detect_io_init
                0x000000a0                V_mode_detect
                0x000000ca                voltage_cnt_clear
                0x000000d0                get_voltage_1
                0x00000126                get_voltage_2
                0x00000182                get_voltage_3
                0x000001de                get_voltage_4
                0x0000023a                Four_voltage_ptf
                0x00000254                final_voltage_ptf
                0x0000026e                get_voltage_final
                0x0000029c                voltage_level_judge
                0x000003e0                vlotage_detect_fliter
 .text          0x00000410       0x54 obj/Release/otp/src/cpu/f956/adc.o
                0x00000410                _adc_continue_read
                0x00000428                _adc_get_voltage
 .text          0x00000464       0x18 obj/Release/otp/src/cpu/f956/clock.o
                0x00000464                clock_init
                0x00000472                lvd_init
 .text          0x0000047c       0x16 obj/Release/otp/src/cpu/f956/cpu.o
                0x0000047c                f_indr0_inc
                0x00000484                f_indr1_inc
                0x0000048c                __set_ea_ret
 .text          0x00000492       0x30 obj/Release/otp/src/cpu/f956/pwm.o
                0x00000492                pwm_led_init
                0x0000049e                set_pwm0
                0x000004aa                set_pwm1
                0x000004b6                set_pwm2
 .text          0x000004c2       0x58 obj/Release/otp/src/cpu/f956/timer.o
                0x000004c2                tmr0_int
                0x000004d4                delay_tmr
                0x000004e6                delay_100ms
                0x000004fe                delay
                0x0000050e                time_out
 .text          0x0000051a       0xa6 obj/Release/otp/src/cpu/f956/uart.o
                0x0000051a                set_debug_baud_h
                0x0000051e                set_debug_baud_l
                0x00000522                debug_init
                0x00000550                debug_char
                0x0000055a                debug_n
                0x00000562                get_hex_data
                0x0000057c                debug_u8_n
                0x0000058c                debug_u8
                0x000005ae                uart_115200
 .text          0x000005c0        0x0 obj/Release/otp/src/key/msg.o
 .text          0x000005c0       0x2a obj/Release/otp/src/math/data_compare.o
                0x000005c0                u16_compare
 .text          0x000005ea       0x6a obj/Release/otp/src/math/div_32x16.o
                0x000005ea                div_32x16
 .text          0x00000654       0x2e obj/Release/otp/src/math/mult_16x16.o
                0x00000654                _mult_16x16
 .text          0x00000682       0xc8 obj/Release/otp/src/start/main.o
                0x00000682                sys_mode_sel
                0x0000069c                sys_info_init
                0x000006a8                tmr0_isr
                0x0000070a                __pop_for_isr_comm
                0x00000710                main
                0x00000748                chg_iline_set
                0x00000748                wpr_4k
                0x00000748                chg_vol_set_for_burn
                0x00000748                ppm_2000
 .text          0x0000074a      0x26c obj/Release/otp/src/start/user_led.o
                0x0000074a                led_io_init
                0x00000774                led_level_1
                0x000007aa                led_level_2
                0x000007e0                led_level_3
                0x00000816                led_level_4
                0x0000084c                led_level_5
                0x00000882                power_on_led
                0x00000966                led_timer_deal
 .text          0x000009b6       0x44 include_lib/libs/f95_cpu_lib.a(burn.o)
                0x000009b6                bg_gear_set
                0x000009c6                burn_func
 .text          0x000009fa       0x5a include_lib/libs/f95_cpu_lib.a(pre_operation.o)
                0x000009fa                get_src_clk_2_div
                0x00000a08                uart_baud_com
                0x00000a16                uart_9600
                0x00000a28                tmr_2ms
                0x00000a38                tmr_1ms
                0x00000a48                pro_operation
 *(.common)
 *(.rodata*)
 *(.ins)
                0x000017c0                . = LENGTH (otp_code)
 *fill*         0x00000a54      0xd6c 7fff
                0x000017c0                . = ORIGIN (otp_burn)

.otp_burn       0x000017c0       0x40
 *(.burn)
 .burn          0x000017c0       0x3a include_lib/libs/f95_cpu_lib.a(burn.o)
                0x000017f8                burn_trim
                0x00000040                . = LENGTH (otp_burn)
 *fill*         0x000017fa        0x6 7fff
                0x00001800                . = ORIGIN (otp_deg)

.otp_deg        0x00001800      0x800
 *(.d_burn)
 .d_burn        0x00001800       0xd4 include_lib/libs/f95_cpu_lib.a(burn.o)
                0x00001800                burn_debug
                0x00001828                burn_run
                0x00001896                bn_check_rc
                0x000018a0                bn_check_vbg
                0x000018be                bn_check_vout
                0x00000800                . = LENGTH (otp_deg)
 *fill*         0x000018d4      0x72c 7fff
                0x000017c0                text_size = SIZEOF (.otp_code)
OUTPUT(otp\out\f95\otp.elf elf32-f95)
